Microchip MPLAB XC8 Compiler V2.05 ()

Linker command line:

-W-3 --edf=C:\Program Files (x86)\Microchip\xc8\v2.05\pic\dat\en_msgs.txt \
  -cs -h+dist/default/production\master_main_ver5_9.X.production.sym \
  --cmf=dist/default/production\master_main_ver5_9.X.production.cmf -z \
  -Q18F25K22 -oC:\Users\NAOYUKI\AppData\Local\Temp\s2j8.2 \
  --defsym=__MPLAB_BUILD=1 \
  -Mdist/default/production/master_main_ver5_9.X.production.map -E1 \
  -ver=XC8 --acfsm=1493 -ASTACK=022Eh-05FFh -pstack=STACK -ACODE=00h-07FFFh \
  -ACONST=00h-07FFFh -ASMALLCONST=0600h-06FFhx122 \
  -AMEDIUMCONST=0600h-07FFFh -ACOMRAM=01h-05Fh -AABS1=00h-05FFh \
  -ABIGRAM=01h-05FFh -ARAM=060h-0FFh,0100h-01FFhx5 -ABANK0=060h-0FFh \
  -ABANK1=0100h-01FFh -ABANK2=0200h-02FFh -ABANK3=0300h-03FFh \
  -ABANK4=0400h-04FFh -ABANK5=0500h-05FFh -ASFR=0F38h-0F5Fh,0F60h-0FFFh \
  -preset_vec=00h,intcode,intcodelo,powerup,init -pramtop=0600h \
  -psmallconst=SMALLCONST -pmediumconst=MEDIUMCONST -pconst=CONST \
  -AFARRAM=00h-00h -ACONFIG=0300000h-030000Dh -pconfig=CONFIG \
  -AIDLOC=0200000h-0200007h -pidloc=IDLOC -AEEDATA=0F00000h-0F000FFh \
  -peeprom_data=EEDATA \
  -prdata=COMRAM,nvrram=COMRAM,nvbit=COMRAM,rbss=COMRAM,rbit=COMRAM \
  -pfarbss=FARRAM,fardata=FARRAM,nvFARRAM=FARRAM \
  -pintsave_regs=BIGRAM,bigbss=BIGRAM,bigdata=BIGRAM -pbss=RAM \
  -pidata=CODE,irdata=CODE,ibigdata=CODE,ifardata=CODE -prparam=COMRAM \
  C:\Users\NAOYUKI\AppData\Local\Temp\s2j8.o \
  dist/default/production\master_main_ver5_9.X.production.o 

Object code version is 3.11

Machine type is 18F25K22

Call graph: (short form)




                Name                               Link     Load   Length Selector   Space Scale
C:\Users\NAOYUKI\AppData\Local\Temp\s2j8.o
                init                                  0        0        4        0       0
                idloc                            200000   200000        8   200000       0
                config                           300000   300000        E   300000       0
dist/default/production\master_main_ver5_9.X.production.o
                eeprom_data                      F00000   F00000        8   F00000       0
                mediumconst                        7968     7968      698     3CB4       0
                text107                            2BF2     2BF2       36     15F9       0
                text106                            5A1C     5A1C      1F6     2D0E       0
                text105                            283C     283C       16     141E       0
                text104                            2814     2814       14     140A       0
                text103                            4608     4608      102     2304       0
                text102                            470A     470A      114     2385       0
                text101                            313A     313A       56     189D       0
                text100                            481E     481E      116     240F       0
                text99                             2C60     2C60       3C     1630       0
                text98                             27E8     27E8        E     13F4       0
                text97                             3C90     3C90       B6     1E48       0
                text96                             28DA     28DA       1A     146D       0
                text95                             2A42     2A42       2A     1521       0
                text94                             2CDA     2CDA       42     166D       0
                text93                             34EE     34EE       70     1A77       0
                text92                             5C12     5C12      204     2E09       0
                text91                             31E8     31E8       5A     18F4       0
                text90                             2A6C     2A6C       2C     1536       0
                text89                             2852     2852       16     1429       0
                text88                             4CB8     4CB8      148     265C       0
                text87                             2944     2944       22     14A2       0
                text86                             2966     2966       24     14B3       0
                text85                             298A     298A       24     14C5       0
                text84                             2B8A     2B8A       34     15C5       0
                text83                             28F4     28F4       1A     147A       0
                text82                             2928     2928       1C     1494       0
                text81                             2868     2868       16     1434       0
                text80                             287E     287E       16     143F       0
                text79                             2894     2894       16     144A       0
                text78                             28AA     28AA       18     1455       0
                text77                             2828     2828       14     1414       0
                text76                             29F6     29F6       26     14FB       0
                text75                             423E     423E       EC     211F       0
                text74                             2D1C     2D1C       42     168E       0
                text73                             2D5E     2D5E       42     16AF       0
                text72                             2DA0     2DA0       42     16D0       0
                text71                             2DE2     2DE2       42     16F1       0
                text70                             2E24     2E24       42     1712       0
                text69                             2E66     2E66       42     1733       0
                text68                             3B2C     3B2C       B2     1D96       0
                text67                             65AC     65AC      2E8     32D6       0
                text66                             3190     3190       58     18C8       0
                text65                             2F2C     2F2C       46     1796       0
                text64                             3800     3800       98     1C00       0
                text63                             329E     329E       60     194F       0
                text62                             3004     3004       4C     1802       0
                text61                             32FE     32FE       60     197F       0
                text60                             30EA     30EA       50     1875       0
                text59                             335E     335E       60     19AF       0
                text58                             3242     3242       5C     1921       0
                text57                             33BE     33BE       60     19DF       0
                text56                             4154     4154       EA     20AA       0
                text55                             3484     3484       6A     1A42       0
                text54                             355E     355E       72     1AAF       0
                text53                             4FA4     4FA4      1A8     27D2       0
                text52                             4934     4934      11C     249A       0
                text51                             54B8     54B8      1C4     2A5C       0
                text50                             4E00     4E00      1A4     2700       0
                text49                             4078     4078       DC     203C       0
                text48                             73D4     73D4      594     39EA       0
                text47                             6F50     6F50      484     37A8       0
                text46                             290E     290E       1A     1487       0
                text45                             27F6     27F6        E     13FB       0
                text44                             605A     605A      2A4     302D       0
                text43                             6BEC     6BEC      364     35F6       0
                text42                             3BDE     3BDE       B2     1DEF       0
                text41                             35D0     35D0       86     1AE8       0
                text40                             2EA8     2EA8       42     1754       0
                text39                             2A1C     2A1C       26     150E       0
                text38                             28C2     28C2       18     1461       0
                text37                             3898     3898       9A     1C4C       0
                text36                             39D6     39D6       A6     1CEB       0
                text35                             3050     3050       4C     1828       0
                text34                             2B26     2B26       32     1593       0
                text33                             2C9C     2C9C       3E     164E       0
                text32                             2BBE     2BBE       34     15DF       0
                text31                             432A     432A       F0     2195       0
                text30                             2B58     2B58       32     15AC       0
                text29                             514C     514C      1AC     28A6       0
                text28                             2A98     2A98       2E     154C       0
                text27                             3ED0     3ED0       CE     1F68       0
                text26                             62FE     62FE      2AE     317F       0
                text25                             2AC6     2AC6       30     1563       0
                text24                             3A7C     3A7C       B0     1D3E       0
                text23                             2F72     2F72       46     17B9       0
                text22                             441A     441A       F6     220D       0
                text21                             567C     567C      1CE     2B3E       0
                text20                             4A50     4A50      124     2528       0
                text19                             2C28     2C28       38     1614       0
                text18                             376A     376A       96     1BB5       0
                text17                             4510     4510       F8     2288       0
                text16                             2804     2804       10     1402       0
                text15                             2EEA     2EEA       42     1775       0
                text14                             3E08     3E08       C8     1F04       0
                text13                             52F8     52F8      1C0     297C       0
                text12                             4B74     4B74      144     25BA       0
                text11                             3656     3656       8A     1B2B       0
                text10                             3F9E     3F9E       DA     1FCF       0
                text9                              2AF6     2AF6       30     157B       0
                text8                              36E0     36E0       8A     1B70       0
                text7                              3D46     3D46       C2     1EA3       0
                text6                              5E16     5E16      244     2F0B       0
                text5                              29AE     29AE       24     14D7       0
                text4                              6894     6894      358     344A       0
                text3                              3932     3932       A4     1C99       0
                text2                              341E     341E       66     1A0F       0
                text1                              29D2     29D2       24     14E9       0
                text0                              584A     584A      1D2     2C25       0
                cstackCOMRAM                          1        1       5F        1       1
                cstackBANK0                          60       60       83       60       1
                cstackBANK1                         1BE      1BE       34      100       1
                bssBANK2                            200      200       2E      200       1
                dataBANK1                           173      173       4B      100       1
                bssBANK1                            100      100       73      100       1
                bssBANK0                             E3       E3       1B       60       1
                cinit                              309C     309C       4E     184E       0
                idataBANK1                         2FB9     2FB9       4B     2FB9       0

TOTAL           Name                               Link     Load   Length     Space
        CLASS   STACK          

        CLASS   CODE           
                init                                  0        0        4         0
                text107                            2BF2     2BF2       36         0
                text106                            5A1C     5A1C      1F6         0
                text105                            283C     283C       16         0
                text104                            2814     2814       14         0
                text103                            4608     4608      102         0
                text102                            470A     470A      114         0
                text101                            313A     313A       56         0
                text100                            481E     481E      116         0
                text99                             2C60     2C60       3C         0
                text98                             27E8     27E8        E         0
                text97                             3C90     3C90       B6         0
                text96                             28DA     28DA       1A         0
                text95                             2A42     2A42       2A         0
                text94                             2CDA     2CDA       42         0
                text93                             34EE     34EE       70         0
                text92                             5C12     5C12      204         0
                text91                             31E8     31E8       5A         0
                text90                             2A6C     2A6C       2C         0
                text89                             2852     2852       16         0
                text88                             4CB8     4CB8      148         0
                text87                             2944     2944       22         0
                text86                             2966     2966       24         0
                text85                             298A     298A       24         0
                text84                             2B8A     2B8A       34         0
                text83                             28F4     28F4       1A         0
                text82                             2928     2928       1C         0
                text81                             2868     2868       16         0
                text80                             287E     287E       16         0
                text79                             2894     2894       16         0
                text78                             28AA     28AA       18         0
                text77                             2828     2828       14         0
                text76                             29F6     29F6       26         0
                text75                             423E     423E       EC         0
                text74                             2D1C     2D1C       42         0
                text73                             2D5E     2D5E       42         0
                text72                             2DA0     2DA0       42         0
                text71                             2DE2     2DE2       42         0
                text70                             2E24     2E24       42         0
                text69                             2E66     2E66       42         0
                text68                             3B2C     3B2C       B2         0
                text67                             65AC     65AC      2E8         0
                text66                             3190     3190       58         0
                text65                             2F2C     2F2C       46         0
                text64                             3800     3800       98         0
                text63                             329E     329E       60         0
                text62                             3004     3004       4C         0
                text61                             32FE     32FE       60         0
                text60                             30EA     30EA       50         0
                text59                             335E     335E       60         0
                text58                             3242     3242       5C         0
                text57                             33BE     33BE       60         0
                text56                             4154     4154       EA         0
                text55                             3484     3484       6A         0
                text54                             355E     355E       72         0
                text53                             4FA4     4FA4      1A8         0
                text52                             4934     4934      11C         0
                text51                             54B8     54B8      1C4         0
                text50                             4E00     4E00      1A4         0
                text49                             4078     4078       DC         0
                text48                             73D4     73D4      594         0
                text47                             6F50     6F50      484         0
                text46                             290E     290E       1A         0
                text45                             27F6     27F6        E         0
                text44                             605A     605A      2A4         0
                text43                             6BEC     6BEC      364         0
                text42                             3BDE     3BDE       B2         0
                text41                             35D0     35D0       86         0
                text40                             2EA8     2EA8       42         0
                text39                             2A1C     2A1C       26         0
                text38                             28C2     28C2       18         0
                text37                             3898     3898       9A         0
                text36                             39D6     39D6       A6         0
                text35                             3050     3050       4C         0
                text34                             2B26     2B26       32         0
                text33                             2C9C     2C9C       3E         0
                text32                             2BBE     2BBE       34         0
                text31                             432A     432A       F0         0
                text30                             2B58     2B58       32         0
                text29                             514C     514C      1AC         0
                text28                             2A98     2A98       2E         0
                text27                             3ED0     3ED0       CE         0
                text26                             62FE     62FE      2AE         0
                text25                             2AC6     2AC6       30         0
                text24                             3A7C     3A7C       B0         0
                text23                             2F72     2F72       46         0
                text22                             441A     441A       F6         0
                text21                             567C     567C      1CE         0
                text20                             4A50     4A50      124         0
                text19                             2C28     2C28       38         0
                text18                             376A     376A       96         0
                text17                             4510     4510       F8         0
                text16                             2804     2804       10         0
                text15                             2EEA     2EEA       42         0
                text14                             3E08     3E08       C8         0
                text13                             52F8     52F8      1C0         0
                text12                             4B74     4B74      144         0
                text11                             3656     3656       8A         0
                text10                             3F9E     3F9E       DA         0
                text9                              2AF6     2AF6       30         0
                text8                              36E0     36E0       8A         0
                text7                              3D46     3D46       C2         0
                text6                              5E16     5E16      244         0
                text5                              29AE     29AE       24         0
                text4                              6894     6894      358         0
                text3                              3932     3932       A4         0
                text2                              341E     341E       66         0
                text1                              29D2     29D2       24         0
                text0                              584A     584A      1D2         0
                cinit                              309C     309C       4E         0
                idataBANK1                         2FB9     2FB9       4B         0

        CLASS   CONST          

        CLASS   SMALLCONST     

        CLASS   MEDIUMCONST    
                mediumconst                        7968     7968      698         0

        CLASS   COMRAM         
                cstackCOMRAM                          1        1       5F         1

        CLASS   ABS1           

        CLASS   BIGRAM         

        CLASS   RAM            

        CLASS   BANK0          
                cstackBANK0                          60       60       83         1
                bssBANK0                             E3       E3       1B         1

        CLASS   BANK1          
                cstackBANK1                         1BE      1BE       34         1
                dataBANK1                           173      173       4B         1
                bssBANK1                            100      100       73         1

        CLASS   BANK2          
                bssBANK2                            200      200       2E         1

        CLASS   BANK3          

        CLASS   BANK4          

        CLASS   BANK5          

        CLASS   SFR            

        CLASS   FARRAM         

        CLASS   CONFIG         
                config                           300000   300000        E         0

        CLASS   IDLOC          
                idloc                            200000   200000        8         0

        CLASS   EEDATA         
                eeprom_data                      F00000   F00000        8         0



SEGMENTS        Name                           Load    Length   Top    Selector   Space  Class

                reset_vec                      000000  000004  000004         0       0  CODE    
                cstackCOMRAM                   000001  00005F  000060         1       1  COMRAM  
                cstackBANK0                    000060  00009E  0000FE        60       1  BANK0   
                bssBANK1                       000100  0000F2  0001F2       100       1  BANK1   
                bssBANK2                       000200  00002E  00022E       200       1  BANK2   
                text98                         0027E8  00000E  0027F6      13F4       0  CODE    
                text45                         0027F6  00000E  002804      13FB       0  CODE    
                text16                         002804  000010  002814      1402       0  CODE    
                text104                        002814  000014  002828      140A       0  CODE    
                text77                         002828  000014  00283C      1414       0  CODE    
                text105                        00283C  000016  002852      141E       0  CODE    
                text89                         002852  000016  002868      1429       0  CODE    
                text81                         002868  000016  00287E      1434       0  CODE    
                text80                         00287E  000016  002894      143F       0  CODE    
                text79                         002894  000016  0028AA      144A       0  CODE    
                text78                         0028AA  000018  0028C2      1455       0  CODE    
                text38                         0028C2  000018  0028DA      1461       0  CODE    
                text96                         0028DA  00001A  0028F4      146D       0  CODE    
                text83                         0028F4  00001A  00290E      147A       0  CODE    
                text46                         00290E  00001A  002928      1487       0  CODE    
                text82                         002928  00001C  002944      1494       0  CODE    
                text87                         002944  000022  002966      14A2       0  CODE    
                text86                         002966  000024  00298A      14B3       0  CODE    
                text85                         00298A  000024  0029AE      14C5       0  CODE    
                text5                          0029AE  000024  0029D2      14D7       0  CODE    
                text1                          0029D2  000024  0029F6      14E9       0  CODE    
                text76                         0029F6  000026  002A1C      14FB       0  CODE    
                text39                         002A1C  000026  002A42      150E       0  CODE    
                text95                         002A42  00002A  002A6C      1521       0  CODE    
                text90                         002A6C  00002C  002A98      1536       0  CODE    
                text28                         002A98  00002E  002AC6      154C       0  CODE    
                text25                         002AC6  000030  002AF6      1563       0  CODE    
                text9                          002AF6  000030  002B26      157B       0  CODE    
                text34                         002B26  000032  002B58      1593       0  CODE    
                text30                         002B58  000032  002B8A      15AC       0  CODE    
                text84                         002B8A  000034  002BBE      15C5       0  CODE    
                text32                         002BBE  000034  002BF2      15DF       0  CODE    
                text107                        002BF2  000036  002C28      15F9       0  CODE    
                text19                         002C28  000038  002C60      1614       0  CODE    
                text99                         002C60  00003C  002C9C      1630       0  CODE    
                text33                         002C9C  00003E  002CDA      164E       0  CODE    
                text94                         002CDA  000042  002D1C      166D       0  CODE    
                text74                         002D1C  000042  002D5E      168E       0  CODE    
                text73                         002D5E  000042  002DA0      16AF       0  CODE    
                text72                         002DA0  000042  002DE2      16D0       0  CODE    
                text71                         002DE2  000042  002E24      16F1       0  CODE    
                text70                         002E24  000042  002E66      1712       0  CODE    
                text69                         002E66  000042  002EA8      1733       0  CODE    
                text40                         002EA8  000042  002EEA      1754       0  CODE    
                text15                         002EEA  000042  002F2C      1775       0  CODE    
                text65                         002F2C  000046  002F72      1796       0  CODE    
                text23                         002F72  000046  002FB8      17B9       0  CODE    
                idataBANK1                     002FB9  00004B  003004      2FB9       0  CODE    
                text62                         003004  00004C  003050      1802       0  CODE    
                text35                         003050  00004C  00309C      1828       0  CODE    
                cinit                          00309C  00004E  0030EA      184E       0  CODE    
                text60                         0030EA  000050  00313A      1875       0  CODE    
                text101                        00313A  000056  003190      189D       0  CODE    
                text66                         003190  000058  0031E8      18C8       0  CODE    
                text91                         0031E8  00005A  003242      18F4       0  CODE    
                text58                         003242  00005C  00329E      1921       0  CODE    
                text63                         00329E  000060  0032FE      194F       0  CODE    
                text61                         0032FE  000060  00335E      197F       0  CODE    
                text59                         00335E  000060  0033BE      19AF       0  CODE    
                text57                         0033BE  000060  00341E      19DF       0  CODE    
                text2                          00341E  000066  003484      1A0F       0  CODE    
                text55                         003484  00006A  0034EE      1A42       0  CODE    
                text93                         0034EE  000070  00355E      1A77       0  CODE    
                text54                         00355E  000072  0035D0      1AAF       0  CODE    
                text41                         0035D0  000086  003656      1AE8       0  CODE    
                text11                         003656  00008A  0036E0      1B2B       0  CODE    
                text8                          0036E0  00008A  00376A      1B70       0  CODE    
                text18                         00376A  000096  003800      1BB5       0  CODE    
                text64                         003800  000098  003898      1C00       0  CODE    
                text37                         003898  00009A  003932      1C4C       0  CODE    
                text3                          003932  0000A4  0039D6      1C99       0  CODE    
                text36                         0039D6  0000A6  003A7C      1CEB       0  CODE    
                text24                         003A7C  0000B0  003B2C      1D3E       0  CODE    
                text68                         003B2C  0000B2  003BDE      1D96       0  CODE    
                text42                         003BDE  0000B2  003C90      1DEF       0  CODE    
                text97                         003C90  0000B6  003D46      1E48       0  CODE    
                text7                          003D46  0000C2  003E08      1EA3       0  CODE    
                text14                         003E08  0000C8  003ED0      1F04       0  CODE    
                text27                         003ED0  0000CE  003F9E      1F68       0  CODE    
                text10                         003F9E  0000DA  004078      1FCF       0  CODE    
                text49                         004078  0000DC  004154      203C       0  CODE    
                text56                         004154  0000EA  00423E      20AA       0  CODE    
                text75                         00423E  0000EC  00432A      211F       0  CODE    
                text31                         00432A  0000F0  00441A      2195       0  CODE    
                text22                         00441A  0000F6  004510      220D       0  CODE    
                text17                         004510  0000F8  004608      2288       0  CODE    
                text103                        004608  000102  00470A      2304       0  CODE    
                text102                        00470A  000114  00481E      2385       0  CODE    
                text100                        00481E  000116  004934      240F       0  CODE    
                text52                         004934  00011C  004A50      249A       0  CODE    
                text20                         004A50  000124  004B74      2528       0  CODE    
                text12                         004B74  000144  004CB8      25BA       0  CODE    
                text88                         004CB8  000148  004E00      265C       0  CODE    
                text50                         004E00  0001A4  004FA4      2700       0  CODE    
                text53                         004FA4  0001A8  00514C      27D2       0  CODE    
                text29                         00514C  0001AC  0052F8      28A6       0  CODE    
                text13                         0052F8  0001C0  0054B8      297C       0  CODE    
                text51                         0054B8  0001C4  00567C      2A5C       0  CODE    
                text21                         00567C  0001CE  00584A      2B3E       0  CODE    
                text0                          00584A  0001D2  005A1C      2C25       0  CODE    
                text106                        005A1C  0001F6  005C12      2D0E       0  CODE    
                text92                         005C12  000204  005E16      2E09       0  CODE    
                text6                          005E16  000244  00605A      2F0B       0  CODE    
                text44                         00605A  0002A4  0062FE      302D       0  CODE    
                text26                         0062FE  0002AE  0065AC      317F       0  CODE    
                text67                         0065AC  0002E8  006894      32D6       0  CODE    
                text4                          006894  000358  006BEC      344A       0  CODE    
                text43                         006BEC  000364  006F50      35F6       0  CODE    
                text47                         006F50  000484  0073D4      37A8       0  CODE    
                text48                         0073D4  000594  007968      39EA       0  CODE    
                mediumconst                    007968  000698  008000      3CB4       0  MEDIUMCO
                idloc                          200000  000008  200008    200000       0  IDLOC   
                config                         300000  00000E  30000E    300000       0  CONFIG  
                eeprom_data                    F00000  000008  F00008    F00000       0  EEDATA  


UNUSED ADDRESS RANGES

        Name                Unused          Largest block    Delta
        BANK0            0000FE-0000FF                2
        BANK1            0001F2-0001FF                E
        BANK2            00022E-0002FF               D2
        BANK3            000300-0003FF              100
        BANK4            000400-0004FF              100
        BANK5            000500-0005FF              100
        BIGRAM           0000FE-0000FF                2
                         0001F2-0001FF                E
                         00022E-0005FF              3D2
        CODE             000004-0027E7             27E4
                         002FB8-002FB8                1
        CONST            000004-0027E7             27E4
                         002FB8-002FB8                1
        EEDATA           F00008-F000FF               F8
        MEDIUMCONST      000600-0027E7             21E8
                         002FB8-002FB8                1
        RAM              0000FE-0000FF                2
                         0001F2-0001FF                E
                         00022E-0005FF              100
        SFR              000F38-000FFF               28
        SMALLCONST       000600-0027E7              100
                         002FB8-002FB8                1
        STACK            00022E-0005FF              3D2

                                  Symbol Table

?___awmod                                             cstackCOMRAM 000023
?___omul                                              cstackCOMRAM 000001
?___wmul                                              cstackCOMRAM 000001
?_rand                                                cstackCOMRAM 000019
ARRAY_LINE_TURN@MEN_NUM_1                             cstackCOMRAM 000001
ARRAY_LINE_TURN@SURFASE                               cstackCOMRAM 00001C
ARRAY_LINE_TURN@i                                     cstackCOMRAM 00001E
ARRAY_LINE_TURN@j                                     cstackCOMRAM 00001D
ARRAY_LINE_TURN@temp                                  cstackCOMRAM 00001B
ARRAY_SIDE_TURN@i                                     cstackCOMRAM 00000B
ARRAY_SIDE_TURN@side_NUM                              mediumconst  007A82
ARRAY_SIDE_TURN@surface                               cstackCOMRAM 00000A
ARRAY_SIDE_TURN@temp                                  cstackCOMRAM 000009
Create_Shoretest_command_Most_deep@check_depth        cstackCOMRAM 000033
Create_Shoretest_command_Most_deep@search_flag        cstackCOMRAM 000034
Create_shortest_command_depp_N1@check_depth           cstackCOMRAM 000003
Create_shortest_command_depp_N1@return_num            cstackCOMRAM 000002
DATAEE_ReadByte@bAdd                                  cstackCOMRAM 000001
DATAEE_WriteByte@GIEBitValue                          cstackCOMRAM 000003
DATAEE_WriteByte@bAdd                                 cstackCOMRAM 000002
DATAEE_WriteByte@bData                                cstackCOMRAM 000001
EEROM_R_DEFF@READ_ADDRESS                             cstackCOMRAM 00000C
EEROM_R_DEFF@i                                        cstackCOMRAM 000002
EEROM_R_DEFF@i_294                                    cstackCOMRAM 000004
EEROM_R_DEFF@i_295                                    cstackCOMRAM 000006
EEROM_R_DEFF@i_296                                    cstackCOMRAM 000008
EEROM_R_DEFF@i_297                                    cstackCOMRAM 00000A
EEROM_R_SAVE@READ_ADDRESS                             cstackCOMRAM 00003D
EEROM_R_SAVE@i                                        cstackCOMRAM 000033
EEROM_R_SAVE@i_283                                    cstackCOMRAM 000035
EEROM_R_SAVE@i_284                                    cstackCOMRAM 000037
EEROM_R_SAVE@i_285                                    cstackCOMRAM 000039
EEROM_R_SAVE@i_286                                    cstackCOMRAM 00003B
EEROM_W_DEFF@WRITE_ADDRESS                            cstackCOMRAM 00000E
EEROM_W_DEFF@i                                        cstackCOMRAM 000004
EEROM_W_DEFF@i_301                                    cstackCOMRAM 000006
EEROM_W_DEFF@i_302                                    cstackCOMRAM 000008
EEROM_W_DEFF@i_303                                    cstackCOMRAM 00000A
EEROM_W_DEFF@i_304                                    cstackCOMRAM 00000C
EEROM_W_SAVE@WRITE_ADDRESS                            cstackCOMRAM 00000E
EEROM_W_SAVE@i                                        cstackCOMRAM 00000F
EEROM_W_SAVE@i_275                                    cstackCOMRAM 000004
EEROM_W_SAVE@i_276                                    cstackCOMRAM 000006
EEROM_W_SAVE@i_277                                    cstackCOMRAM 000008
EEROM_W_SAVE@i_278                                    cstackCOMRAM 00000A
EEROM_W_SAVE@i_279                                    cstackCOMRAM 00000C
LED_RET@i                                             cstackCOMRAM 000001
OUT_BLUE@LED_POWER                                    cstackCOMRAM 000004
OUT_CHECK@LED_POWER                                   cstackCOMRAM 000001
OUT_CHECK@i                                           cstackCOMRAM 000002
OUT_GREEN@LED_POWER                                   cstackCOMRAM 000004
OUT_LED_ARRAY@LED_COLOR_ARRAY                         cstackCOMRAM 00000E
OUT_LED_ARRAY@LED_COLOR_ARRAY_2D                      cstackCOMRAM 000007
OUT_LED_ARRAY@LED_POWER                               cstackCOMRAM 000009
OUT_LED_ARRAY@i                                       cstackCOMRAM 000048
OUT_LED_ARRAY@i_1494                                  cstackCOMRAM 000044
OUT_LED_ARRAY@j                                       cstackCOMRAM 000046
OUT_ORANGE@LED_POWER                                  cstackCOMRAM 000004
OUT_RED@LED_POWER                                     cstackCOMRAM 000004
OUT_WHITE@LED_POWER                                   cstackCOMRAM 000004
OUT_YELLOW@LED_POWER                                  cstackCOMRAM 000004
SPI0_D2S0@SPI_DATA                                    cstackCOMRAM 000003
SPI1_D2S0@SPI_DATA                                    cstackCOMRAM 000003
SPI2_D2S0@SPI_DATA                                    cstackCOMRAM 000003
SPI3_D2S0@SPI_DATA                                    cstackCOMRAM 000003
SPI4_D2S0@SPI_DATA                                    cstackCOMRAM 000003
SPI5_D2S0@SPI_DATA                                    cstackCOMRAM 000003
SPI_D2S@SPI_CS                                        cstackCOMRAM 000015
SPI_D2S@SPI_DATA                                      cstackCOMRAM 000012
SPI_D2S@i                                             cstackCOMRAM 000016
SPI_D2S@str_SPI                                       cstackCOMRAM 000018
SPI_RET@i                                             cstackCOMRAM 00000A
SPI_RET_2@j                                           cstackCOMRAM 000007
SPI_readM_2@csPIN                                     cstackCOMRAM 000003
SPI_readM_2@data                                      cstackCOMRAM 000004
SPI_readM_2@i                                         cstackCOMRAM 000005
SPI_special@CS                                        cstackCOMRAM 00001B
Special_input@IDA_CE                                  cstackBANK1  0001C4
Special_input@SS                                      cstackBANK1  0001BE
Special_input@deep_flag                               cstackBANK1  0001C3
Special_input@i                                       cstackBANK1  0001C2
Special_input@if_can_get                              cstackBANK1  0001BF
Special_input@j                                       cstackBANK1  0001C0
_ADCON1                                               (abs)        000FC1
_ADCON2                                               (abs)        000FC0
_ANSELA                                               (abs)        000F38
_ANSELB                                               (abs)        000F39
_ANSELCbits                                           (abs)        000F3A
_ARRAY_LINE_TURN                                      text53       004FA4
_ARRAY_SIDE_TURN                                      text52       004934
_ARRAY_skip_CS                                        bssBANK0     0000EE
_CE_IDA_LIST                                          mediumconst  007969
_CE_LIST                                              mediumconst  007A91
_Create_Shoretest_command_Most_deep                   text90       002A6C
_Create_shortest_command_depp_N1                      text94       002CDA
_DATAEE_ReadByte                                      text104      002814
_DATAEE_WriteByte                                     text107      002BF2
_EEADR                                                (abs)        000FA9
_EECON1bits                                           (abs)        000FA6
_EECON2                                               (abs)        000FA7
_EEDATA                                               (abs)        000FA8
_EEROM_GAME_OFF                                       text105      00283C
_EEROM_GAME_ON                                        text89       002852
_EEROM_R_DEFF                                         text103      004608
_EEROM_R_SAVE                                         text88       004CB8
_EEROM_WR_ioport                                      text101      00313A
_EEROM_W_DEFF                                         text100      00481E
_EEROM_W_SAVE                                         text106      005A1C
_GET_COMMAND                                          bssBANK0     0000EF
_INTCONbits                                           (abs)        000FF2
_LATAbits                                             (abs)        000F89
_LATBbits                                             (abs)        000F8A
_LED_ARRAY                                            bssBANK1     000107
_LED_C                                                mediumconst  007A6A
_LED_COLOR                                            dataBANK1    000173
_LED_E                                                mediumconst  007A52
_LED_Light                                            bssBANK1     00013D
_LED_RET                                              text87       002944
_OSCCON                                               (abs)        000FD3
_OUT_BLUE                                             text79       002894
_OUT_CHECK                                            text84       002B8A
_OUT_GREEN                                            text81       002868
_OUT_HIGH                                             text86       002966
_OUT_LED_ARRAY                                        text75       00423E
_OUT_LOW                                              text85       00298A
_OUT_NONE                                             text77       002828
_OUT_ORANGE                                           text78       0028AA
_OUT_RED                                              text80       00287E
_OUT_WHITE                                            text82       002928
_OUT_YELLOW                                           text83       0028F4
_PLLEN                                                (abs)        007CDE
_PORTA                                                (abs)        000F80
_PORTB                                                (abs)        000F81
_PORTBbits                                            (abs)        000F81
_POWER                                                bssBANK0     0000F0
_SOUND_NOTE                                           dataBANK1    000181
_SPI0_D2S0                                            text74       002D1C
_SPI1_D2S0                                            text73       002D5E
_SPI2_D2S0                                            text72       002DA0
_SPI3_D2S0                                            text71       002DE2
_SPI4_D2S0                                            text70       002E24
_SPI5_D2S0                                            text69       002E66
_SPI_D2S                                              text67       0065AC
_SPI_M_ioport                                         text99       002C60
_SPI_RET                                              text95       002A42
_SPI_RET_2                                            text96       0028DA
_SPI_readM_2                                          text97       003C90
_SPI_special                                          text65       002F2C
_SPIreadM                                             text98       0027E8
_SSP1BUF                                              (abs)        000FC9
_SSP1CON1                                             (abs)        000FC6
_SSP1CON1bits                                         (abs)        000FC6
_SSP1STAT                                             (abs)        000FC7
_SSP1STATbits                                         (abs)        000FC7
_Special_input                                        text4        006894
_Special_input_0                                      bssBANK1     000105
_TRISA                                                (abs)        000F92
_TRISAbits                                            (abs)        000F92
_TRISB                                                (abs)        000F93
_TRISCbits                                            (abs)        000F94
_TURN_COUNT                                           bssBANK0     0000F4
__CFG_BOREN$ON                                        (abs)        000000
__CFG_BORV$190                                        (abs)        000000
__CFG_CCP2MX$PORTC1                                   (abs)        000000
__CFG_CCP3MX$PORTB5                                   (abs)        000000
__CFG_CP0$OFF                                         (abs)        000000
__CFG_CP1$OFF                                         (abs)        000000
__CFG_CP2$OFF                                         (abs)        000000
__CFG_CP3$OFF                                         (abs)        000000
__CFG_CPB$OFF                                         (abs)        000000
__CFG_CPD$OFF                                         (abs)        000000
__CFG_EBTR0$OFF                                       (abs)        000000
__CFG_EBTR1$OFF                                       (abs)        000000
__CFG_EBTR2$OFF                                       (abs)        000000
__CFG_EBTR3$OFF                                       (abs)        000000
__CFG_EBTRB$OFF                                       (abs)        000000
__CFG_FCMEN$OFF                                       (abs)        000000
__CFG_FOSC$INTIO67                                    (abs)        000000
__CFG_HFOFST$ON                                       (abs)        000000
__CFG_IESO$OFF                                        (abs)        000000
__CFG_LVP$ON                                          (abs)        000000
__CFG_MCLRE$EXTMCLR                                   (abs)        000000
__CFG_P2BMX$PORTB5                                    (abs)        000000
__CFG_PBADEN$ON                                       (abs)        000000
__CFG_PLLCFG$OFF                                      (abs)        000000
__CFG_PRICLKEN$ON                                     (abs)        000000
__CFG_PWRTEN$OFF                                      (abs)        000000
__CFG_STVREN$ON                                       (abs)        000000
__CFG_T3CMX$PORTC0                                    (abs)        000000
__CFG_WDTEN$OFF                                       (abs)        000000
__CFG_WDTPS$32768                                     (abs)        000000
__CFG_WRT0$OFF                                        (abs)        000000
__CFG_WRT1$OFF                                        (abs)        000000
__CFG_WRT2$OFF                                        (abs)        000000
__CFG_WRT3$OFF                                        (abs)        000000
__CFG_WRTB$OFF                                        (abs)        000000
__CFG_WRTC$OFF                                        (abs)        000000
__CFG_WRTD$OFF                                        (abs)        000000
__CFG_XINST$OFF                                       (abs)        000000
__HRAM                                                (abs)        000000
__Habs1                                               abs1         000000
__Hbank0                                              bank0        000000
__Hbank1                                              bank1        000000
__Hbank2                                              bank2        000000
__Hbank3                                              bank3        000000
__Hbank4                                              bank4        000000
__Hbank5                                              bank5        000000
__Hbigbss                                             bigbss       000000
__Hbigdata                                            bigdata      000000
__Hbigram                                             bigram       000000
__Hbss                                                bss          000000
__HbssBANK0                                           bssBANK0     000000
__HbssBANK1                                           bssBANK1     000000
__HbssBANK2                                           bssBANK2     000000
__Hcinit                                              cinit        000000
__Hclrtext                                            clrtext      000000
__Hcomram                                             comram       000000
__Hconfig                                             config       30000E
__Hconst                                              const        000000
__HcstackBANK0                                        cstackBANK0  000000
__HcstackBANK1                                        cstackBANK1  000000
__HcstackCOMRAM                                       cstackCOMRAM 000000
__Hdata                                               data         000000
__HdataBANK1                                          dataBANK1    000000
__Heeprom_data                                        eeprom_data  F00008
__Hfarbss                                             farbss       000000
__Hfardata                                            fardata      000000
__Hibigdata                                           ibigdata     000000
__Hidata                                              idata        000000
__HidataBANK1                                         idataBANK1   000000
__Hidloc                                              idloc        200008
__Hifardata                                           ifardata     000000
__Hinit                                               init         000004
__Hintcode                                            intcode      000000
__Hintcode_body                                       intcode_body 000000
__Hintcodelo                                          intcodelo    000000
__Hintentry                                           intentry     000000
__Hintret                                             intret       000000
__Hintsave_regs                                       intsave_regs 000000
__Hirdata                                             irdata       000000
__Hmediumconst                                        mediumconst  008000
__HnvFARRAM                                           nvFARRAM     000000
__Hnvbit                                              nvbit        000000
__Hnvrram                                             nvrram       000000
__Hparam                                              rparam       000000
__Hpowerup                                            powerup      000000
__Hram                                                ram          000000
__Hramtop                                             ramtop       000600
__Hrbit                                               rbit         000000
__Hrbss                                               rbss         000000
__Hrdata                                              rdata        000000
__Hreset_vec                                          reset_vec    000000
__Hrparam                                             rparam       000000
__Hsfr                                                sfr          000000
__Hsmallconst                                         smallconst   000000
__Hspace_0                                            (abs)        F00008
__Hspace_1                                            (abs)        00022E
__Hspace_2                                            (abs)        000000
__Hstack                                              stack        000000
__Hstruct                                             struct       000000
__Htemp                                               temp         000000
__Htext                                               text         000000
__Htext0                                              text0        000000
__Htext1                                              text1        000000
__Htext10                                             text10       000000
__Htext100                                            text100      000000
__Htext101                                            text101      000000
__Htext102                                            text102      000000
__Htext103                                            text103      000000
__Htext104                                            text104      000000
__Htext105                                            text105      000000
__Htext106                                            text106      000000
__Htext107                                            text107      000000
__Htext108                                            text108      000000
__Htext11                                             text11       000000
__Htext12                                             text12       000000
__Htext13                                             text13       000000
__Htext14                                             text14       000000
__Htext15                                             text15       000000
__Htext16                                             text16       000000
__Htext17                                             text17       000000
__Htext18                                             text18       000000
__Htext19                                             text19       000000
__Htext2                                              text2        000000
__Htext20                                             text20       000000
__Htext21                                             text21       000000
__Htext22                                             text22       000000
__Htext23                                             text23       000000
__Htext24                                             text24       000000
__Htext25                                             text25       000000
__Htext26                                             text26       000000
__Htext27                                             text27       000000
__Htext28                                             text28       000000
__Htext29                                             text29       000000
__Htext3                                              text3        000000
__Htext30                                             text30       000000
__Htext31                                             text31       000000
__Htext32                                             text32       000000
__Htext33                                             text33       000000
__Htext34                                             text34       000000
__Htext35                                             text35       000000
__Htext36                                             text36       000000
__Htext37                                             text37       000000
__Htext38                                             text38       000000
__Htext39                                             text39       000000
__Htext4                                              text4        000000
__Htext40                                             text40       000000
__Htext41                                             text41       000000
__Htext42                                             text42       000000
__Htext43                                             text43       000000
__Htext44                                             text44       000000
__Htext45                                             text45       000000
__Htext46                                             text46       000000
__Htext47                                             text47       000000
__Htext48                                             text48       000000
__Htext49                                             text49       000000
__Htext5                                              text5        000000
__Htext50                                             text50       000000
__Htext51                                             text51       000000
__Htext52                                             text52       000000
__Htext53                                             text53       000000
__Htext54                                             text54       000000
__Htext55                                             text55       000000
__Htext56                                             text56       000000
__Htext57                                             text57       000000
__Htext58                                             text58       000000
__Htext59                                             text59       000000
__Htext6                                              text6        000000
__Htext60                                             text60       000000
__Htext61                                             text61       000000
__Htext62                                             text62       000000
__Htext63                                             text63       000000
__Htext64                                             text64       000000
__Htext65                                             text65       000000
__Htext66                                             text66       000000
__Htext67                                             text67       000000
__Htext68                                             text68       000000
__Htext69                                             text69       000000
__Htext7                                              text7        000000
__Htext70                                             text70       000000
__Htext71                                             text71       000000
__Htext72                                             text72       000000
__Htext73                                             text73       000000
__Htext74                                             text74       000000
__Htext75                                             text75       000000
__Htext76                                             text76       000000
__Htext77                                             text77       000000
__Htext78                                             text78       000000
__Htext79                                             text79       000000
__Htext8                                              text8        000000
__Htext80                                             text80       000000
__Htext81                                             text81       000000
__Htext82                                             text82       000000
__Htext83                                             text83       000000
__Htext84                                             text84       000000
__Htext85                                             text85       000000
__Htext86                                             text86       000000
__Htext87                                             text87       000000
__Htext88                                             text88       000000
__Htext89                                             text89       000000
__Htext9                                              text9        000000
__Htext90                                             text90       000000
__Htext91                                             text91       000000
__Htext92                                             text92       000000
__Htext93                                             text93       000000
__Htext94                                             text94       000000
__Htext95                                             text95       000000
__Htext96                                             text96       000000
__Htext97                                             text97       000000
__Htext98                                             text98       000000
__Htext99                                             text99       000000
__LRAM                                                (abs)        000001
__Labs1                                               abs1         000000
__Lbank0                                              bank0        000000
__Lbank1                                              bank1        000000
__Lbank2                                              bank2        000000
__Lbank3                                              bank3        000000
__Lbank4                                              bank4        000000
__Lbank5                                              bank5        000000
__Lbigbss                                             bigbss       000000
__Lbigdata                                            bigdata      000000
__Lbigram                                             bigram       000000
__Lbss                                                bss          000000
__LbssBANK0                                           bssBANK0     000000
__LbssBANK1                                           bssBANK1     000000
__LbssBANK2                                           bssBANK2     000000
__Lcinit                                              cinit        000000
__Lclrtext                                            clrtext      000000
__Lcomram                                             comram       000000
__Lconfig                                             config       300000
__Lconst                                              const        000000
__LcstackBANK0                                        cstackBANK0  000000
__LcstackBANK1                                        cstackBANK1  000000
__LcstackCOMRAM                                       cstackCOMRAM 000000
__Ldata                                               data         000000
__LdataBANK1                                          dataBANK1    000000
__Leeprom_data                                        eeprom_data  F00000
__Lfarbss                                             farbss       000000
__Lfardata                                            fardata      000000
__Libigdata                                           ibigdata     000000
__Lidata                                              idata        000000
__LidataBANK1                                         idataBANK1   000000
__Lidloc                                              idloc        200000
__Lifardata                                           ifardata     000000
__Linit                                               init         000000
__Lintcode                                            intcode      000000
__Lintcode_body                                       intcode_body 000000
__Lintcodelo                                          intcodelo    000000
__Lintentry                                           intentry     000000
__Lintret                                             intret       000000
__Lintsave_regs                                       intsave_regs 000000
__Lirdata                                             irdata       000000
__Lmediumconst                                        mediumconst  007968
__LnvFARRAM                                           nvFARRAM     000000
__Lnvbit                                              nvbit        000000
__Lnvrram                                             nvrram       000000
__Lparam                                              rparam       000000
__Lpowerup                                            powerup      000000
__Lram                                                ram          000000
__Lramtop                                             ramtop       000600
__Lrbit                                               rbit         000000
__Lrbss                                               rbss         000000
__Lrdata                                              rdata        000000
__Lreset_vec                                          reset_vec    000000
__Lrparam                                             rparam       000000
__Lsfr                                                sfr          000000
__Lsmallconst                                         smallconst   000000
__Lspace_0                                            (abs)        000000
__Lspace_1                                            (abs)        000000
__Lspace_2                                            (abs)        000000
__Lstack                                              stack        000000
__Lstruct                                             struct       000000
__Ltemp                                               temp         000000
__Ltext                                               text         000000
__Ltext0                                              text0        000000
__Ltext1                                              text1        000000
__Ltext10                                             text10       000000
__Ltext100                                            text100      000000
__Ltext101                                            text101      000000
__Ltext102                                            text102      000000
__Ltext103                                            text103      000000
__Ltext104                                            text104      000000
__Ltext105                                            text105      000000
__Ltext106                                            text106      000000
__Ltext107                                            text107      000000
__Ltext108                                            text108      000000
__Ltext11                                             text11       000000
__Ltext12                                             text12       000000
__Ltext13                                             text13       000000
__Ltext14                                             text14       000000
__Ltext15                                             text15       000000
__Ltext16                                             text16       000000
__Ltext17                                             text17       000000
__Ltext18                                             text18       000000
__Ltext19                                             text19       000000
__Ltext2                                              text2        000000
__Ltext20                                             text20       000000
__Ltext21                                             text21       000000
__Ltext22                                             text22       000000
__Ltext23                                             text23       000000
__Ltext24                                             text24       000000
__Ltext25                                             text25       000000
__Ltext26                                             text26       000000
__Ltext27                                             text27       000000
__Ltext28                                             text28       000000
__Ltext29                                             text29       000000
__Ltext3                                              text3        000000
__Ltext30                                             text30       000000
__Ltext31                                             text31       000000
__Ltext32                                             text32       000000
__Ltext33                                             text33       000000
__Ltext34                                             text34       000000
__Ltext35                                             text35       000000
__Ltext36                                             text36       000000
__Ltext37                                             text37       000000
__Ltext38                                             text38       000000
__Ltext39                                             text39       000000
__Ltext4                                              text4        000000
__Ltext40                                             text40       000000
__Ltext41                                             text41       000000
__Ltext42                                             text42       000000
__Ltext43                                             text43       000000
__Ltext44                                             text44       000000
__Ltext45                                             text45       000000
__Ltext46                                             text46       000000
__Ltext47                                             text47       000000
__Ltext48                                             text48       000000
__Ltext49                                             text49       000000
__Ltext5                                              text5        000000
__Ltext50                                             text50       000000
__Ltext51                                             text51       000000
__Ltext52                                             text52       000000
__Ltext53                                             text53       000000
__Ltext54                                             text54       000000
__Ltext55                                             text55       000000
__Ltext56                                             text56       000000
__Ltext57                                             text57       000000
__Ltext58                                             text58       000000
__Ltext59                                             text59       000000
__Ltext6                                              text6        000000
__Ltext60                                             text60       000000
__Ltext61                                             text61       000000
__Ltext62                                             text62       000000
__Ltext63                                             text63       000000
__Ltext64                                             text64       000000
__Ltext65                                             text65       000000
__Ltext66                                             text66       000000
__Ltext67                                             text67       000000
__Ltext68                                             text68       000000
__Ltext69                                             text69       000000
__Ltext7                                              text7        000000
__Ltext70                                             text70       000000
__Ltext71                                             text71       000000
__Ltext72                                             text72       000000
__Ltext73                                             text73       000000
__Ltext74                                             text74       000000
__Ltext75                                             text75       000000
__Ltext76                                             text76       000000
__Ltext77                                             text77       000000
__Ltext78                                             text78       000000
__Ltext79                                             text79       000000
__Ltext8                                              text8        000000
__Ltext80                                             text80       000000
__Ltext81                                             text81       000000
__Ltext82                                             text82       000000
__Ltext83                                             text83       000000
__Ltext84                                             text84       000000
__Ltext85                                             text85       000000
__Ltext86                                             text86       000000
__Ltext87                                             text87       000000
__Ltext88                                             text88       000000
__Ltext89                                             text89       000000
__Ltext9                                              text9        000000
__Ltext90                                             text90       000000
__Ltext91                                             text91       000000
__Ltext92                                             text92       000000
__Ltext93                                             text93       000000
__Ltext94                                             text94       000000
__Ltext95                                             text95       000000
__Ltext96                                             text96       000000
__Ltext97                                             text97       000000
__Ltext98                                             text98       000000
__Ltext99                                             text99       000000
__S0                                                  (abs)        F00008
__S1                                                  (abs)        00022E
__S2                                                  (abs)        000000
___awmod                                              text93       0034EE
___awmod@counter                                      cstackCOMRAM 000027
___awmod@dividend                                     cstackCOMRAM 000023
___awmod@divisor                                      cstackCOMRAM 000025
___awmod@sign                                         cstackCOMRAM 000028
___inthi_sp                                           stack        000000
___intlo_sp                                           stack        000000
___omul                                               text11       003656
___omul@multiplicand                                  cstackCOMRAM 000009
___omul@multiplier                                    cstackCOMRAM 000001
___omul@product                                       cstackCOMRAM 000011
___param_bank                                         (abs)        000000
___rparam_used                                        (abs)        000001
___sp                                                 stack        000000
___wmul                                               text76       0029F6
___wmul@multiplicand                                  cstackCOMRAM 000003
___wmul@multiplier                                    cstackCOMRAM 000001
___wmul@product                                       cstackCOMRAM 000005
__accesstop                                           (abs)        000060
__activetblptr                                        (abs)        000002
__end_ofARRAY_SIDE_TURN@side_NUM                      mediumconst  007A8A
__end_of_ARRAY_LINE_TURN                              text53       00514C
__end_of_ARRAY_SIDE_TURN                              text52       004A50
__end_of_CE_IDA_LIST                                  mediumconst  0079C8
__end_of_CE_LIST                                      mediumconst  007B4F
__end_of_Create_Shoretest_command_Most_deep           text90       002A98
__end_of_Create_shortest_command_depp_N1              text94       002D1C
__end_of_DATAEE_ReadByte                              text104      002828
__end_of_DATAEE_WriteByte                             text107      002C28
__end_of_EEROM_GAME_OFF                               text105      002852
__end_of_EEROM_GAME_ON                                text89       002868
__end_of_EEROM_R_DEFF                                 text103      00470A
__end_of_EEROM_R_SAVE                                 text88       004E00
__end_of_EEROM_WR_ioport                              text101      003190
[...]
		Unchanged: 
 Data sizes:     COMRAM   BANK0   BANK1   BANK2   BANK3   BANK4   BANK5
      Params:         0       0       0       0       0       0       0
      Locals:         0       0       0       0       0       0       0
      Temps:          0       0       0       0       0       0       0
      Totals:         0       0       0       0       0       0       0
Total ram usage:        0 bytes
 Hardware stack levels used:    1
 This function calls:
		Nothing
 This function is called by:
		_SPI_readM_2
 This function uses a non-reentrant model


 *************** function _SPI_M_ioport *****************
 Defined at:
		line 62 in file "master/master_SPI.c"
 Parameters:    Size  Location     Type
		None
 Auto vars:     Size  Location     Type
		None
 Return value:  Size  Location     Type
                  1    wreg      void 
 Registers used:
		wreg, status,2
 Tracked objects:
		On entry : 
		On exit  : 
		Unchanged: 
 Data sizes:     COMRAM   BANK0   BANK1   BANK2   BANK3   BANK4   BANK5
      Params:         0       0       0       0       0       0       0
      Locals:         0       0       0       0       0       0       0
      Temps:          0       0       0       0       0       0       0
      Totals:         0       0       0       0       0       0       0
Total ram usage:        0 bytes
 Hardware stack levels used:    1
 This function calls:
		Nothing
 This function is called by:
		_main
 This function uses a non-reentrant model


 *************** function _EEROM_W_DEFF *****************
 Defined at:
		line 166 in file "master/EEROM_WR.c"
 Parameters:    Size  Location     Type
		None
 Auto vars:     Size  Location     Type
  i               2   11[COMRAM] int 
  i               2    9[COMRAM] int 
  i               2    7[COMRAM] int 
  i               2    5[COMRAM] int 
  i               2    3[COMRAM] int 
  WRITE_ADDRES    1   13[COMRAM] unsigned char 
 Return value:  Size  Location     Type
                  1    wreg      void 
 Registers used:
		wreg, fsr2l, fsr2h, status,2, status,0, cstack
 Tracked objects:
		On entry : 
		On exit  : 
		Unchanged: 
 Data sizes:     COMRAM   BANK0   BANK1   BANK2   BANK3   BANK4   BANK5
      Params:         0       0       0       0       0       0       0
      Locals:        11       0       0       0       0       0       0
      Temps:          0       0       0       0       0       0       0
      Totals:        11       0       0       0       0       0       0
Total ram usage:       11 bytes
 Hardware stack levels used:    1
 Hardware stack levels required when called:    1
 This function calls:
		_DATAEE_WriteByte
 This function is called by:
		_main
 This function uses a non-reentrant model


 *************** function _EEROM_WR_ioport *****************
 Defined at:
		line 94 in file "master/EEROM_WR.c"
 Parameters:    Size  Location     Type
		None
 Auto vars:     Size  Location     Type
		None
 Return value:  Size  Location     Type
                  1    wreg      void 
 Registers used:
		wreg, fsr0l, fsr0h, fsr1l, fsr1h, fsr2l, fsr2h, status,2, status,0, tblptrl, tblptrh, tblptru, cstack
 Tracked objects:
		On entry : 
		On exit  : 
		Unchanged: 
 Data sizes:     COMRAM   BANK0   BANK1   BANK2   BANK3   BANK4   BANK5
      Params:         0       0       0       0       0       0       0
      Locals:         0       0       0       0       0       0       0
      Temps:          0       0       0       0       0       0       0
      Totals:         0       0       0       0       0       0       0
Total ram usage:        0 bytes
 Hardware stack levels used:    1
 Hardware stack levels required when called:    2
 This function calls:
		_DATAEE_ReadByte
		_DATAEE_WriteByte
		_EEROM_R_DEFF
		_over_write_CE
 This function is called by:
		_main
 This function uses a non-reentrant model


 *************** function _over_write_CE *****************
 Defined at:
		line 324 in file "master/operation_CES.c"
 Parameters:    Size  Location     Type
  write_CE       46    0[COMRAM] const struct CE_2
 Auto vars:     Size  Location     Type
  i               2   48[COMRAM] int 
 Return value:  Size  Location     Type
                  1    wreg      void 
 Registers used:
		wreg, fsr1l, fsr1h, fsr2l, fsr2h, status,2, status,0
 Tracked objects:
		On entry : 
		On exit  : 
		Unchanged: 
 Data sizes:     COMRAM   BANK0   BANK1   BANK2   BANK3   BANK4   BANK5
      Params:        46       0       0       0       0       0       0
      Locals:         2       0       0       0       0       0       0
      Temps:          2       0       0       0       0       0       0
      Totals:        50       0       0       0       0       0       0
Total ram usage:       50 bytes
 Hardware stack levels used:    1
 This function calls:
		Nothing
 This function is called by:
		_EEROM_R_SAVE
		_EEROM_WR_ioport
 This function uses a non-reentrant model


 *************** function _EEROM_R_DEFF *****************
 Defined at:
		line 135 in file "master/EEROM_WR.c"
 Parameters:    Size  Location     Type
		None
 Auto vars:     Size  Location     Type
  i               2    9[COMRAM] int 
  i               2    7[COMRAM] int 
  i               2    5[COMRAM] int 
  i               2    3[COMRAM] int 
  i               2    1[COMRAM] int 
  READ_ADDRESS    1   11[COMRAM] unsigned char 
 Return value:  Size  Location     Type
                  1    wreg      void 
 Registers used:
		wreg, fsr2l, fsr2h, status,2, status,0, cstack
 Tracked objects:
		On entry : 
		On exit  : 
		Unchanged: 
 Data sizes:     COMRAM   BANK0   BANK1   BANK2   BANK3   BANK4   BANK5
      Params:         0       0       0       0       0       0       0
      Locals:        11       0       0       0       0       0       0
      Temps:          0       0       0       0       0       0       0
      Totals:        11       0       0       0       0       0       0
Total ram usage:       11 bytes
 Hardware stack levels used:    1
 Hardware stack levels required when called:    1
 This function calls:
		_DATAEE_ReadByte
 This function is called by:
		_EEROM_WR_ioport
 This function uses a non-reentrant model


 *************** function _DATAEE_ReadByte *****************
 Defined at:
		line 221 in file "master/EEROM_WR.c"
 Parameters:    Size  Location     Type
  bAdd            1    wreg     unsigned char 
 Auto vars:     Size  Location     Type
  bAdd            1    0[COMRAM] unsigned char 
 Return value:  Size  Location     Type
                  1    wreg      unsigned char 
 Registers used:
		wreg, status,2
 Tracked objects:
		On entry : 
		On exit  : 
		Unchanged: 
 Data sizes:     COMRAM   BANK0   BANK1   BANK2   BANK3   BANK4   BANK5
      Params:         0       0       0       0       0       0       0
      Locals:         1       0       0       0       0       0       0
      Temps:          0       0       0       0       0       0       0
      Totals:         1       0       0       0       0       0       0
Total ram usage:        1 bytes
 Hardware stack levels used:    1
 This function calls:
		Nothing
 This function is called by:
		_EEROM_R_SAVE
		_EEROM_WR_ioport
		_EEROM_R_DEFF
 This function uses a non-reentrant model


 *************** function _EEROM_GAME_OFF *****************
 Defined at:
		line 128 in file "master/EEROM_WR.c"
 Parameters:    Size  Location     Type
		None
 Auto vars:     Size  Location     Type
		None
 Return value:  Size  Location     Type
                  1    wreg      void 
 Registers used:
		wreg, fsr1l, fsr1h, fsr2l, fsr2h, status,2, status,0, cstack
 Tracked objects:
		On entry : 
		On exit  : 
		Unchanged: 
 Data sizes:     COMRAM   BANK0   BANK1   BANK2   BANK3   BANK4   BANK5
      Params:         0       0       0       0       0       0       0
      Locals:         0       0       0       0       0       0       0
      Temps:          0       0       0       0       0       0       0
      Totals:         0       0       0       0       0       0       0
Total ram usage:        0 bytes
 Hardware stack levels used:    1
 Hardware stack levels required when called:    2
 This function calls:
		_DATAEE_WriteByte
		_EEROM_W_SAVE
 This function is called by:
		_main
 This function uses a non-reentrant model


 *************** function _EEROM_W_SAVE *****************
 Defined at:
		line 6 in file "master/EEROM_WR.c"
 Parameters:    Size  Location     Type
		None
 Auto vars:     Size  Location     Type
  i               2   11[COMRAM] int 
  i               2    9[COMRAM] int 
  i               2    7[COMRAM] int 
  i               2    5[COMRAM] int 
  i               2    3[COMRAM] int 
  i               2   14[COMRAM] int 
  WRITE_ADDRES    1   13[COMRAM] unsigned char 
 Return value:  Size  Location     Type
                  1    wreg      void 
 Registers used:
		wreg, fsr1l, fsr1h, fsr2l, fsr2h, status,2, status,0, cstack
 Tracked objects:
		On entry : 
		On exit  : 
		Unchanged: 
 Data sizes:     COMRAM   BANK0   BANK1   BANK2   BANK3   BANK4   BANK5
      Params:         0       0       0       0       0       0       0
      Locals:        13       0       0       0       0       0       0
      Temps:          0       0       0       0       0       0       0
      Totals:        13       0       0       0       0       0       0
Total ram usage:       13 bytes
 Hardware stack levels used:    1
 Hardware stack levels required when called:    1
 This function calls:
		_DATAEE_WriteByte
 This function is called by:
		_EEROM_GAME_ON
		_EEROM_GAME_OFF
		_Special_input
 This function uses a non-reentrant model


 *************** function _DATAEE_WriteByte *****************
 Defined at:
		line 199 in file "master/EEROM_WR.c"
 Parameters:    Size  Location     Type
  bAdd            1    wreg     unsigned char 
  bData           1    0[COMRAM] unsigned char 
 Auto vars:     Size  Location     Type
  bAdd            1    1[COMRAM] unsigned char 
  GIEBitValue     1    2[COMRAM] unsigned char 
 Return value:  Size  Location     Type
                  1    wreg      void 
 Registers used:
		wreg, status,2
 Tracked objects:
		On entry : 
		On exit  : 
		Unchanged: 
 Data sizes:     COMRAM   BANK0   BANK1   BANK2   BANK3   BANK4   BANK5
      Params:         1       0       0       0       0       0       0
      Locals:         2       0       0       0       0       0       0
      Temps:          0       0       0       0       0       0       0
      Totals:         3       0       0       0       0       0       0
Total ram usage:        3 bytes
 Hardware stack levels used:    1
 This function calls:
		Nothing
 This function is called by:
		_EEROM_W_SAVE
		_EEROM_WR_ioport
		_EEROM_GAME_ON
		_EEROM_GAME_OFF
		_EEROM_W_DEFF
 This function uses a non-reentrant model



MODULE INFORMATION

Module		Function		Class		Link	Load	Size
master/EEROM_WR.c
		_EEROM_W_DEFF  		CODE           	481E	0000	279
		_EEROM_W_SAVE  		CODE           	5A1C	0000	503
		_EEROM_GAME_ON 		CODE           	2852	0000	23
		_DATAEE_WriteByte		CODE           	2BF2	0000	55
		_EEROM_GAME_OFF		CODE           	283C	0000	23
		_DATAEE_ReadByte		CODE           	2814	0000	21
		_EEROM_R_DEFF  		CODE           	4608	0000	259
		_EEROM_R_SAVE  		CODE           	4CB8	0000	329
		_EEROM_WR_ioport		CODE           	313A	0000	87

master/EEROM_WR.c estimated size: 1579

master/solution_CES.c
		_if_perfect_white		CODE           	432A	0000	241
		_make_white_yellow_flower		CODE           	4510	0000	249
		_all_yellow    		CODE           	3898	0000	155
		_if_EP         		CODE           	2A98	0000	47
		_made_cube     		CODE           	52F8	0000	449
		_operation_limit		CODE           	2A1C	0000	39
		_make_second_flower_perfect		CODE           	62FE	0000	687
		_operation_setup		CODE           	28C2	0000	25
		_operation_first		CODE           	2804	0000	17
		_make_justice_axis		CODE           	2C9C	0000	63
		_if_perfect_yellow		CODE           	39D6	0000	167
		_if_second_flower_perfect		CODE           	3ED0	0000	207
		_if_start_step8		CODE           	3050	0000	77
		_make_step_7   		CODE           	441A	0000	247
		_make_step_8   		CODE           	4A50	0000	293
		_make_up_white 		CODE           	2B26	0000	51
		_make_flont_green		CODE           	2B58	0000	51
		_make_perfect_white		CODE           	514C	0000	429
		_make_up_yellow		CODE           	2C28	0000	57
		_if_2pair      		CODE           	2AC6	0000	49
		_if_solution_end		CODE           	567C	0000	463
		_if_yellow_co  		CODE           	2EA8	0000	67
		_if_yellow_eo  		CODE           	2EEA	0000	67
		_if_no_pair    		CODE           	2F72	0000	71
		_make_while_flower		CODE           	376A	0000	151
		_yellow_cross  		CODE           	3E08	0000	201
		_if_all_2pair  		CODE           	3A7C	0000	177
		_if_CP         		CODE           	2BBE	0000	53

master/solution_CES.c estimated size: 4850

master/SerialLED_PIC18F25K22.c
		_OUT_ORANGE    		CODE           	28AA	0000	25
		_LED_RET       		CODE           	2944	0000	35
		_OUT_RED       		CODE           	287E	0000	23
		_OUT_LED_ARRAY 		CODE           	423E	0000	237
		_OUT_CHECK     		CODE           	2B8A	0000	53
		_OUT_GREEN     		CODE           	2868	0000	23
		_OUT_WHITE     		CODE           	2928	0000	29
		_OUT_BLUE      		CODE           	2894	0000	23
		_OUT_LOW       		CODE           	298A	0000	37
		_OUT_NONE      		CODE           	2828	0000	21
		_OUT_YELLOW    		CODE           	28F4	0000	27
		_OUT_HIGH      		CODE           	2966	0000	37

master/SerialLED_PIC18F25K22.c estimated size: 570

C:\Program Files (x86)\Microchip\xc8\v2.05\pic\sources\c99\common\awmod.c
		___awmod       		CODE           	34EE	0000	113

C:\Program Files (x86)\Microchip\xc8\v2.05\pic\sources\c99\common\awmod.c estimated size: 113

master/IDA_CES.c
		_Create_shortest_command_depp_N1		CODE           	2CDA	0000	67
		_branch_off    		CODE           	5C12	0000	517
		_depth_add     		CODE           	31E8	0000	91
		_initialization_shortest_command		CODE           	29AE	0000	37
		_Create_Shoretest_command_Most_deep		CODE           	2A6C	0000	45

master/IDA_CES.c estimated size: 757

master/master_SPI.c
		_SPI_readM_2   		CODE           	3C90	0000	183
		_SPIreadM      		CODE           	27E8	0000	15
		_SPI_M_ioport  		CODE           	2C60	0000	61
		_SPI_RET       		CODE           	2A42	0000	43
		_SPI_RET_2     		CODE           	28DA	0000	27

master/master_SPI.c estimated size: 329

master/sound.c
		_fa1           		CODE           	3190	0000	89
		_ra1           		CODE           	335E	0000	97
		_re1           		CODE           	32FE	0000	97
		_mi1           		CODE           	30EA	0000	81
		_do1           		CODE           	3004	0000	77
		_si1           		CODE           	3242	0000	93
		_do2           		CODE           	33BE	0000	97
		_so1           		CODE           	329E	0000	97

master/sound.c estimated size: 728

master/animation.c
		_animation_1   		CODE           	4154	0000	235
		_animation_2   		CODE           	3932	0000	165
		_animation_3   		CODE           	355E	0000	115
		_animation_4   		CODE           	3D46	0000	195
		_command_turn_ARRAY_2_2		CODE           	4E00	0000	421
		_shuffle_state_CE		CODE           	36E0	0000	139
		_set_all_LED_ARRAY		CODE           	3484	0000	107
		_convert_ROTtoLED		CODE           	3800	0000	153
		_command_turn_ARRAY_3_end		CODE           	605A	0000	677
		_command_turn_ARRAY_2_3		CODE           	4078	0000	221
		_command_turn_ARRAY_2		CODE           	5E16	0000	581
		_command_turn_ARRAY_3		CODE           	35D0	0000	135

master/animation.c estimated size: 3144

master/main.c
		_if_game_end   		CODE           	341E	0000	103
		_Special_input 		CODE           	6894	0000	857
		_main          		CODE           	584A	0000	467
		_ioport        		CODE           	29D2	0000	37

master/main.c estimated size: 1464

shared
		_e_CE          		MEDIUMCONST    	7C4B	0000	47
		_f_CE          		MEDIUMCONST    	7D03	0000	47
		make_step_7@step7		MEDIUMCONST    	7E17	0000	43
		make_step_8@step8		MEDIUMCONST    	7EBB	0000	22
		_CE_IDA_LIST   		MEDIUMCONST    	7969	0000	96
		_l_CE          		MEDIUMCONST    	7D31	0000	47
		_m_CE          		MEDIUMCONST    	7CA7	0000	47
		make_second_flower_perfect@command_drop_left		MEDIUMCONST    	7E8B	0000	25
		make_second_flower_perfect@command_drop_right		MEDIUMCONST    	7EA3	0000	25
		_r_CE          		MEDIUMCONST    	7DBB	0000	47
		_s_CE          		MEDIUMCONST    	7C79	0000	47
		_u_CE          		MEDIUMCONST    	7D8D	0000	47
		yellow_cross@check_eo		MEDIUMCONST    	7F87	0000	9
		_x_CE          		MEDIUMCONST    	7BEF	0000	47
		_y_CE          		MEDIUMCONST    	7C1D	0000	47
		_z_CE          		MEDIUMCONST    	7BC1	0000	47
		_e_CE_IDA      		MEDIUMCONST    	79C8	0000	47
		make_white_yellow_flower@command		MEDIUMCONST    	7B8B	0000	55
		all_yellow@step6		MEDIUMCONST    	7ED0	0000	22
		_LED_E         		MEDIUMCONST    	7A52	0000	25
		_deff_CE       		MEDIUMCONST    	7DE9	0000	47
		_m_CE_IDA      		MEDIUMCONST    	7A24	0000	47
		_s_CE_IDA      		MEDIUMCONST    	79F6	0000	47
		yellow_cross@cross_eo		MEDIUMCONST    	7F8F	0000	5
		__initialization		CODE           	309C	0000	69
		command_turn_ARRAY_3_end@s2_2		MEDIUMCONST    	7A8E	0000	4
		ARRAY_SIDE_TURN@side_NUM		MEDIUMCONST    	7A82	0000	9
		command_turn_ARRAY@for_count_LIST		MEDIUMCONST    	7A8A	0000	5
		command_turn_ARRAY@TURN_NUM_B		MEDIUMCONST    	7F27	0000	17
		command_turn_ARRAY@TURN_NUM_D		MEDIUMCONST    	7F37	0000	17
		command_turn_ARRAY@TURN_NUM_E		MEDIUMCONST    	7EF7	0000	17
		command_turn_ARRAY@TURN_NUM_F		MEDIUMCONST    	7F57	0000	17
		command_turn_ARRAY@TURN_NUM_L		MEDIUMCONST    	7F47	0000	17
		command_turn_ARRAY@TURN_NUM_M		MEDIUMCONST    	7F17	0000	17
		command_turn_ARRAY@TURN_NUM_R		MEDIUMCONST    	7F77	0000	17
		command_turn_ARRAY@TURN_NUM_S		MEDIUMCONST    	7F07	0000	17
		command_turn_ARRAY@TURN_NUM_U		MEDIUMCONST    	7F67	0000	17
		_CE_LIST       		MEDIUMCONST    	7A91	0000	191
		yellow_cross@step5		MEDIUMCONST    	7EE5	0000	19
		all_yellow@CO  		MEDIUMCONST    	7E6B	0000	33
		make_step_7@start7		MEDIUMCONST    	7B4F	0000	61
		_b_CE          		MEDIUMCONST    	7CD5	0000	47
		_LED_C         		MEDIUMCONST    	7A6A	0000	25
		made_cube@start8		MEDIUMCONST    	7E41	0000	43
		_d_CE          		MEDIUMCONST    	7D5F	0000	47

shared estimated size: 1691

master/operation_CES.c
		_turn_CE       		CODE           	6BEC	0000	869
		_set_C         		CODE           	73D4	0000	1429
		_ARRAY_SIDE_TURN		CODE           	4934	0000	285
		_command_turn_CE		CODE           	3BDE	0000	179
		_ARRAY_LINE_TURN		CODE           	4FA4	0000	425
		_command_turn_ARRAY		CODE           	54B8	0000	453
		_set_E         		CODE           	6F50	0000	1157
		_over_write_CE_from_A_to_B		CODE           	4B74	0000	325
		_str_cmp_const 		CODE           	3B2C	0000	179
		_over_write_CE 		CODE           	470A	0000	277
		_set_S         		CODE           	290E	0000	27
		_set_CES       		CODE           	27F6	0000	15

master/operation_CES.c estimated size: 5620

C:\Program Files (x86)\Microchip\xc8\v2.05\pic\sources\c99\common\rand.c
		_srand         		CODE           	2AF6	0000	49
		_rand          		CODE           	3F9E	0000	219

C:\Program Files (x86)\Microchip\xc8\v2.05\pic\sources\c99\common\rand.c estimated size: 268

C:\Program Files (x86)\Microchip\xc8\v2.05\pic\sources\c99\common\Umul64.c
		___omul        		CODE           	3656	0000	139

C:\Program Files (x86)\Microchip\xc8\v2.05\pic\sources\c99\common\Umul64.c estimated size: 139

C:\Program Files (x86)\Microchip\xc8\v2.05\pic\sources\c99\common\Umul16.c
		___wmul        		CODE           	29F6	0000	39

C:\Program Files (x86)\Microchip\xc8\v2.05\pic\sources\c99\common\Umul16.c estimated size: 39

master/CES_SPI_support.c
		_SPI0_D2S0     		CODE           	2D1C	0000	67
		_SPI1_D2S0     		CODE           	2D5E	0000	67
		_SPI2_D2S0     		CODE           	2DA0	0000	67
		_SPI3_D2S0     		CODE           	2DE2	0000	67
		_SPI4_D2S0     		CODE           	2E24	0000	67
		_SPI5_D2S0     		CODE           	2E66	0000	67
		_SPI_special   		CODE           	2F2C	0000	71
		_SPI_D2S       		CODE           	65AC	0000	745

master/CES_SPI_support.c estimated size: 1218

